0 U^6 0.7207
0 B^6 0.7221
0 C^8 0.7281
0 C^12 0.7218
0 (U*C)^3 0.7281
0 (U*B)^3 0.7303
0 (U*B*C)^2 0.7337
0 ((U+B+C)/3)^6 0.7322
0 ((U+B+C)/3)^8 0.7251
0 U^6+0.2U^2 0.6783
0 U^8+0.1U^2 0.6478
0 ((U+D+0.5S)/2.5)^6 0.7129
0 (U^3)*(D^3) 0.7177
1 U^6 0.7139
1 B^6 0.709
1 C^8 0.7157
1 C^12 0.7113
1 (U*C)^3 0.7179
1 (U*B)^3 0.7139
1 (U*B*C)^2 0.7179
1 ((U+B+C)/3)^6 0.7187
1 ((U+B+C)/3)^8 0.7161
1 U^6+0.2U^2 0.6793
1 U^8+0.1U^2 0.644
1 ((U+D+0.5S)/2.5)^6 0.715
1 (U^3)*(D^3) 0.715
[CV] k5_U^6: mean=0.7173 folds=[0.7207, 0.7139] {'buckets': '0.0-0.2:45.0  0.2-0.3:38.2  0.3-0.4:42.3  0.4-0.5:71.0  0.5-0.6:92.8  0.6-0.7:97.8  0.7-0.8:99.7  0.8-1.0:99.8', 'cv': '6fold_seed1'}
[CV] k5_B^6: mean=0.7156 folds=[0.7221, 0.709] {'buckets': '0.0-0.2:43.9  0.2-0.3:36.1  0.3-0.4:42.8  0.4-0.5:71.2  0.5-0.6:94.2  0.6-0.7:98.6  0.7-0.8:99.6  0.8-1.0:99.8', 'cv': '6fold_seed1'}
[CV] k5_C^8: mean=0.7219 folds=[0.7281, 0.7157] {'buckets': '0.0-0.2:40.9  0.2-0.3:38.3  0.3-0.4:44.5  0.4-0.5:72.6  0.5-0.6:93.3  0.6-0.7:98.2  0.7-0.8:99.7  0.8-1.0:99.8', 'cv': '6fold_seed1'}
[CV] k5_C^12: mean=0.7165 folds=[0.7218, 0.7113] {'buckets': '0.0-0.2:38.6  0.2-0.3:36.1  0.3-0.4:44.0  0.4-0.5:73.2  0.5-0.6:93.4  0.6-0.7:98.6  0.7-0.8:99.7  0.8-1.0:99.8', 'cv': '6fold_seed1'}
[CV] k5_(U*C)^3: mean=0.7230 folds=[0.7281, 0.7179] {'buckets': '0.0-0.2:42.7  0.2-0.3:39.3  0.3-0.4:44.3  0.4-0.5:71.2  0.5-0.6:93.4  0.6-0.7:97.8  0.7-0.8:99.9  0.8-1.0:99.8', 'cv': '6fold_seed1'}
[CV] k5_(U*B)^3: mean=0.7221 folds=[0.7303, 0.7139] {'buckets': '0.0-0.2:46.2  0.2-0.3:38.4  0.3-0.4:43.4  0.4-0.5:71.8  0.5-0.6:93.4  0.6-0.7:98.6  0.7-0.8:99.6  0.8-1.0:99.8', 'cv': '6fold_seed1'}
[CV] k5_(U*B*C)^2: mean=0.7258 folds=[0.7337, 0.7179] {'buckets': '0.0-0.2:44.4  0.2-0.3:39.6  0.3-0.4:44.2  0.4-0.5:71.8  0.5-0.6:93.7  0.6-0.7:98.6  0.7-0.8:99.6  0.8-1.0:99.8', 'cv': '6fold_seed1'}
[CV] k5_((U+B+C)/3)^6: mean=0.7254 folds=[0.7322, 0.7187] {'buckets': '0.0-0.2:43.3  0.2-0.3:39.4  0.3-0.4:44.3  0.4-0.5:72.0  0.5-0.6:93.7  0.6-0.7:98.5  0.7-0.8:99.7  0.8-1.0:99.8', 'cv': '6fold_seed1'}
[CV] k5_((U+B+C)/3)^8: mean=0.7206 folds=[0.7251, 0.7161] {'buckets': '0.0-0.2:43.9  0.2-0.3:38.1  0.3-0.4:43.4  0.4-0.5:71.6  0.5-0.6:93.4  0.6-0.7:98.6  0.7-0.8:99.6  0.8-1.0:99.8', 'cv': '6fold_seed1'}
[CV] k5_U^6+0.2U^2: mean=0.6788 folds=[0.6783, 0.6793] {'buckets': '0.0-0.2:45.6  0.2-0.3:38.6  0.3-0.4:39.3  0.4-0.5:59.9  0.5-0.6:77.0  0.6-0.7:94.0  0.7-0.8:98.8  0.8-1.0:99.8', 'cv': '6fold_seed1'}
[CV] k5_U^8+0.1U^2: mean=0.6459 folds=[0.6478, 0.644] {'buckets': '0.0-0.2:45.0  0.2-0.3:38.9  0.3-0.4:37.7  0.4-0.5:53.2  0.5-0.6:65.5  0.6-0.7:87.2  0.7-0.8:97.5  0.8-1.0:99.6', 'cv': '6fold_seed1'}
[CV] k5_((U+D+0.5S)/2.5)^6: mean=0.7139 folds=[0.7129, 0.715] {'buckets': '0.0-0.2:40.9  0.2-0.3:36.7  0.3-0.4:43.7  0.4-0.5:70.4  0.5-0.6:92.3  0.6-0.7:98.4  0.7-0.8:99.6  0.8-1.0:99.8', 'cv': '6fold_seed1'}
[CV] k5_(U^3)*(D^3): mean=0.7163 folds=[0.7177, 0.715] {'buckets': '0.0-0.2:43.9  0.2-0.3:37.3  0.3-0.4:44.0  0.4-0.5:70.6  0.5-0.6:92.9  0.6-0.7:97.8  0.7-0.8:99.4  0.8-1.0:99.8', 'cv': '6fold_seed1'}
