[CV] k2_tfidf_pow3_c: mean=0.6030 folds=[0.603] {'buckets': '0.0-0.2:27.8  0.2-0.3:33.5  0.3-0.4:35.9  0.4-0.5:49.6  0.5-0.6:75.1  0.6-0.7:96.6  0.7-0.8:100.0  0.8-1.0:100.0', 'sec': 3.8, 'note': 'fold0 only'}
[CV] k2_tfidf_pow4_c: mean=0.5222 folds=[0.5222] {'buckets': '0.0-0.2:27.0  0.2-0.3:30.1  0.3-0.4:28.8  0.4-0.5:31.9  0.5-0.6:44.8  0.6-0.7:85.1  0.7-0.8:100.0  0.8-1.0:100.0', 'sec': 2.8, 'note': 'fold0 only'}
[CV] k2_tfidf_pow6_c: mean=0.4351 folds=[0.4351] {'buckets': '0.0-0.2:27.0  0.2-0.3:30.1  0.3-0.4:27.8  0.4-0.5:29.5  0.5-0.6:29.3  0.6-0.7:40.6  0.7-0.8:85.5  0.8-1.0:100.0', 'sec': 3.2, 'note': 'fold0 only'}
[CV] k2_tfidf_exp5_c: mean=0.5722 folds=[0.5722] {'buckets': '0.0-0.2:33.0  0.2-0.3:38.6  0.3-0.4:36.3  0.4-0.5:45.8  0.5-0.6:54.2  0.6-0.7:77.7  0.7-0.8:97.8  0.8-1.0:100.0', 'sec': 4.3, 'note': 'fold0 only'}
[CV] k2_tfidf_exp10_c: mean=0.3654 folds=[0.3654] {'buckets': '0.0-0.2:27.0  0.2-0.3:30.1  0.3-0.4:27.8  0.4-0.5:29.5  0.5-0.6:29.3  0.6-0.7:27.8  0.7-0.8:42.9  0.8-1.0:95.0', 'sec': 2.6, 'note': 'fold0 only'}
[CV] k2_tfidf_exp20_c: mean=0.3011 folds=[0.3011] {'buckets': '0.0-0.2:27.0  0.2-0.3:30.1  0.3-0.4:27.8  0.4-0.5:29.5  0.5-0.6:29.3  0.6-0.7:27.8  0.7-0.8:28.6  0.8-1.0:42.1', 'sec': 4.9, 'note': 'fold0 only'}
[CV] k2_tfidf_exp40_c: mean=0.2917 folds=[0.2917] {'buckets': '0.0-0.2:27.0  0.2-0.3:30.1  0.3-0.4:27.8  0.4-0.5:29.5  0.5-0.6:29.3  0.6-0.7:27.8  0.7-0.8:28.6  0.8-1.0:31.5', 'sec': 6.1, 'note': 'fold0 only'}
[CV] k2_tfidf_pow4+0.1lin_c: mean=0.5933 folds=[0.5933] {'buckets': '0.0-0.2:34.8  0.2-0.3:39.6  0.3-0.4:36.3  0.4-0.5:48.7  0.5-0.6:58.7  0.6-0.7:85.3  0.7-0.8:99.4  0.8-1.0:100.0', 'sec': 5.5, 'note': 'fold0 only'}
[CV] k2_tfidf_pow4+0.3lin_c: mean=0.6012 folds=[0.6012] {'buckets': '0.0-0.2:37.4  0.2-0.3:39.4  0.3-0.4:36.8  0.4-0.5:51.1  0.5-0.6:61.0  0.6-0.7:86.7  0.7-0.8:99.5  0.8-1.0:100.0', 'sec': 3.0, 'note': 'fold0 only'}
[CV] k2_svd256_1nn: mean=0.6080 folds=[0.608] {'buckets': '0.0-0.2:24.8  0.2-0.3:29.0  0.3-0.4:31.6  0.4-0.5:65.6  0.5-0.6:87.3  0.6-0.7:96.0  0.7-0.8:99.7  0.8-1.0:99.6', 'note': 'fold0 only'}
[CV] k2_svd256_pow4_c: mean=0.6290 folds=[0.629] {'buckets': '0.0-0.2:33.0  0.2-0.3:37.4  0.3-0.4:35.6  0.4-0.5:61.0  0.5-0.6:81.5  0.6-0.7:93.8  0.7-0.8:99.5  0.8-1.0:99.6', 'sec': 2.9, 'note': 'fold0 only'}
[CV] k2_svd256_pow8_c: mean=0.5978 folds=[0.5978] {'buckets': '0.0-0.2:29.1  0.2-0.3:34.5  0.3-0.4:35.0  0.4-0.5:53.2  0.5-0.6:73.0  0.6-0.7:90.5  0.7-0.8:98.9  0.8-1.0:99.6', 'sec': 3.0, 'note': 'fold0 only'}
[CV] k2_svd256_pow16_c: mean=0.4674 folds=[0.4674] {'buckets': '0.0-0.2:27.0  0.2-0.3:30.1  0.3-0.4:29.0  0.4-0.5:31.9  0.5-0.6:41.3  0.6-0.7:62.6  0.7-0.8:81.7  0.8-1.0:95.2', 'sec': 2.9, 'note': 'fold0 only'}
[CV] k2_svd256_exp10_c: mean=0.5935 folds=[0.5935] {'buckets': '0.0-0.2:32.2  0.2-0.3:36.9  0.3-0.4:36.7  0.4-0.5:50.2  0.5-0.6:68.5  0.6-0.7:86.2  0.7-0.8:96.6  0.8-1.0:99.4', 'sec': 3.2, 'note': 'fold0 only'}
[CV] k2_svd256_exp20_c: mean=0.4419 folds=[0.4419] {'buckets': '0.0-0.2:27.0  0.2-0.3:30.1  0.3-0.4:28.6  0.4-0.5:31.2  0.5-0.6:37.1  0.6-0.7:54.4  0.7-0.8:74.3  0.8-1.0:93.2', 'sec': 2.5, 'note': 'fold0 only'}
[CV] k2_svd256_exp40_c: mean=0.3509 folds=[0.3509] {'buckets': '0.0-0.2:27.0  0.2-0.3:30.1  0.3-0.4:27.8  0.4-0.5:29.5  0.5-0.6:29.7  0.6-0.7:32.2  0.7-0.8:43.5  0.8-1.0:72.0', 'sec': 2.7, 'note': 'fold0 only'}
[CV] k2_svd512_1nn: mean=0.6231 folds=[0.6231] {'buckets': '0.0-0.2:28.3  0.2-0.3:31.0  0.3-0.4:33.1  0.4-0.5:66.9  0.5-0.6:90.0  0.6-0.7:96.8  0.7-0.8:100.0  0.8-1.0:100.0', 'note': 'fold0 only'}
[CV] k2_svd512_pow4_c: mean=0.6467 folds=[0.6467] {'buckets': '0.0-0.2:32.6  0.2-0.3:39.3  0.3-0.4:38.3  0.4-0.5:63.7  0.5-0.6:84.9  0.6-0.7:95.3  0.7-0.8:100.0  0.8-1.0:99.8', 'sec': 4.2, 'note': 'fold0 only'}
[CV] k2_svd512_pow8_c: mean=0.5586 folds=[0.5586] {'buckets': '0.0-0.2:27.0  0.2-0.3:30.5  0.3-0.4:31.8  0.4-0.5:42.6  0.5-0.6:64.3  0.6-0.7:88.2  0.7-0.8:98.4  0.8-1.0:99.6', 'sec': 3.5, 'note': 'fold0 only'}
[CV] k2_svd512_pow16_c: mean=0.4310 folds=[0.431] {'buckets': '0.0-0.2:27.0  0.2-0.3:30.1  0.3-0.4:28.0  0.4-0.5:30.0  0.5-0.6:33.8  0.6-0.7:48.4  0.7-0.8:74.8  0.8-1.0:94.0', 'sec': 3.6, 'note': 'fold0 only'}
[CV] k2_svd512_exp10_c: mean=0.5647 folds=[0.5647] {'buckets': '0.0-0.2:28.7  0.2-0.3:34.0  0.3-0.4:34.7  0.4-0.5:44.1  0.5-0.6:60.8  0.6-0.7:83.8  0.7-0.8:96.7  0.8-1.0:99.4', 'sec': 2.9, 'note': 'fold0 only'}
[CV] k2_svd512_exp20_c: mean=0.4061 folds=[0.4061] {'buckets': '0.0-0.2:27.0  0.2-0.3:30.1  0.3-0.4:27.8  0.4-0.5:29.5  0.5-0.6:31.9  0.6-0.7:41.4  0.7-0.8:65.3  0.8-1.0:90.7', 'sec': 2.7, 'note': 'fold0 only'}
[CV] k2_svd512_exp40_c: mean=0.3283 folds=[0.3283] {'buckets': '0.0-0.2:27.0  0.2-0.3:30.1  0.3-0.4:27.8  0.4-0.5:29.5  0.5-0.6:29.5  0.6-0.7:29.1  0.7-0.8:34.4  0.8-1.0:62.9', 'sec': 4.3, 'note': 'fold0 only'}
[CV] k2_svd1024_1nn: mean=0.6229 folds=[0.6229] {'buckets': '0.0-0.2:32.6  0.2-0.3:29.2  0.3-0.4:34.0  0.4-0.5:67.1  0.5-0.6:90.5  0.6-0.7:97.2  0.7-0.8:100.0  0.8-1.0:100.0', 'note': 'fold0 only'}
[CV] k2_svd1024_pow4_c: mean=0.6444 folds=[0.6444] {'buckets': '0.0-0.2:31.3  0.2-0.3:38.9  0.3-0.4:38.0  0.4-0.5:61.6  0.5-0.6:85.7  0.6-0.7:96.0  0.7-0.8:100.0  0.8-1.0:100.0', 'sec': 3.3, 'note': 'fold0 only'}
[CV] k2_svd1024_pow8_c: mean=0.5294 folds=[0.5294] {'buckets': '0.0-0.2:27.0  0.2-0.3:30.1  0.3-0.4:28.8  0.4-0.5:33.1  0.5-0.6:54.2  0.6-0.7:84.8  0.7-0.8:98.1  0.8-1.0:99.6', 'sec': 3.1, 'note': 'fold0 only'}
[CV] k2_svd1024_pow16_c: mean=0.4076 folds=[0.4076] {'buckets': '0.0-0.2:27.0  0.2-0.3:30.1  0.3-0.4:27.8  0.4-0.5:29.5  0.5-0.6:30.3  0.6-0.7:39.2  0.7-0.8:66.7  0.8-1.0:95.0', 'sec': 4.5, 'note': 'fold0 only'}
[CV] k2_svd1024_exp10_c: mean=0.5246 folds=[0.5246] {'buckets': '0.0-0.2:27.0  0.2-0.3:30.6  0.3-0.4:31.0  0.4-0.5:36.3  0.5-0.6:50.6  0.6-0.7:79.3  0.7-0.8:95.8  0.8-1.0:99.4', 'sec': 2.9, 'note': 'fold0 only'}
[CV] k2_svd1024_exp20_c: mean=0.3838 folds=[0.3838] {'buckets': '0.0-0.2:27.0  0.2-0.3:30.1  0.3-0.4:27.8  0.4-0.5:29.5  0.5-0.6:29.9  0.6-0.7:34.1  0.7-0.8:56.3  0.8-1.0:89.0', 'sec': 4.0, 'note': 'fold0 only'}
[CV] k2_svd1024_exp40_c: mean=0.3182 folds=[0.3182] {'buckets': '0.0-0.2:27.0  0.2-0.3:30.1  0.3-0.4:27.8  0.4-0.5:29.5  0.5-0.6:29.5  0.6-0.7:27.8  0.7-0.8:30.8  0.8-1.0:58.1', 'sec': 3.3, 'note': 'fold0 only'}
