U 6s
B 11s
C 66s
0 avg3^6 0.01 0.7322
0 avg3^6 0.1 0.7325
0 avg3^6 0.001 0.7329
0 avg3^5 0.01 0.7229
0 avg3^4*E^8 0.01 0.7374
0 avg3^3*E^12 0.01 0.7363
0 (0.75avg3+0.25Er)^6 0.01 0.7281
0 (0.5avg3+0.5Er)^6 0.01 0.7281
U 6s
B 14s
C 134s
1 avg3^6 0.01 0.7187
1 avg3^6 0.1 0.7183
1 avg3^6 0.001 0.7187
1 avg3^5 0.01 0.7113
1 avg3^4*E^8 0.01 0.7228
1 avg3^3*E^12 0.01 0.7239
1 (0.75avg3+0.25Er)^6 0.01 0.7194
1 (0.5avg3+0.5Er)^6 0.01 0.7194
[CV] k6_avg3^6_lam0.01: mean=0.7254 folds=[0.7322, 0.7187] {'buckets': '0.0-0.2:43.3  0.2-0.3:39.4  0.3-0.4:44.3  0.4-0.5:72.0  0.5-0.6:93.7  0.6-0.7:98.5  0.7-0.8:99.7  0.8-1.0:99.8', 'cv': '6fold_seed1'}
[CV] k6_avg3^6_lam0.1: mean=0.7254 folds=[0.7325, 0.7183] {'buckets': '0.0-0.2:43.3  0.2-0.3:39.5  0.3-0.4:44.2  0.4-0.5:72.4  0.5-0.6:93.7  0.6-0.7:98.4  0.7-0.8:99.6  0.8-1.0:99.8', 'cv': '6fold_seed1'}
[CV] k6_avg3^6_lam0.001: mean=0.7258 folds=[0.7329, 0.7187] {'buckets': '0.0-0.2:43.3  0.2-0.3:39.4  0.3-0.4:44.5  0.4-0.5:72.0  0.5-0.6:93.9  0.6-0.7:98.5  0.7-0.8:99.7  0.8-1.0:99.8', 'cv': '6fold_seed1'}
[CV] k6_avg3^5_lam0.01: mean=0.7171 folds=[0.7229, 0.7113] {'buckets': '0.0-0.2:45.0  0.2-0.3:39.2  0.3-0.4:41.4  0.4-0.5:69.4  0.5-0.6:92.5  0.6-0.7:98.4  0.7-0.8:99.7  0.8-1.0:99.8', 'cv': '6fold_seed1'}
[CV] k6_avg3^4*E^8_lam0.01: mean=0.7301 folds=[0.7374, 0.7228] {'buckets': '0.0-0.2:42.1  0.2-0.3:40.0  0.3-0.4:46.5  0.4-0.5:72.4  0.5-0.6:93.7  0.6-0.7:98.6  0.7-0.8:99.7  0.8-1.0:99.8', 'cv': '6fold_seed1'}
[CV] k6_avg3^3*E^12_lam0.01: mean=0.7301 folds=[0.7363, 0.7239] {'buckets': '0.0-0.2:42.1  0.2-0.3:40.0  0.3-0.4:46.9  0.4-0.5:72.4  0.5-0.6:93.7  0.6-0.7:98.5  0.7-0.8:99.6  0.8-1.0:99.6', 'cv': '6fold_seed1'}
[CV] k6_(0.75avg3+0.25Er)^6_lam0.01: mean=0.7238 folds=[0.7281, 0.7194] {'buckets': '0.0-0.2:40.9  0.2-0.3:39.9  0.3-0.4:44.7  0.4-0.5:71.0  0.5-0.6:92.6  0.6-0.7:98.2  0.7-0.8:99.7  0.8-1.0:99.8', 'cv': '6fold_seed1'}
[CV] k6_(0.5avg3+0.5Er)^6_lam0.01: mean=0.7238 folds=[0.7281, 0.7194] {'buckets': '0.0-0.2:40.4  0.2-0.3:40.3  0.3-0.4:45.0  0.4-0.5:71.0  0.5-0.6:91.5  0.6-0.7:98.4  0.7-0.8:99.7  0.8-1.0:99.8', 'cv': '6fold_seed1'}
