folds ready
[CV] 1nn: mean=0.6292 folds=[0.6286, 0.6355, 0.6236] {'buckets': '0.0-0.2:26.1  0.2-0.3:29.4  0.3-0.4:37.7  0.4-0.5:68.6  0.5-0.6:92.5  0.6-0.7:97.9  0.7-0.8:99.6  0.8-1.0:99.9', 'sec': 0.0}
[CV] linearsvc_C0.1: mean=0.4779 folds=[0.4661, 0.4829, 0.4846] {'buckets': '0.0-0.2:37.8  0.2-0.3:40.6  0.3-0.4:39.0  0.4-0.5:44.5  0.5-0.6:50.0  0.6-0.7:55.4  0.7-0.8:59.5  0.8-1.0:67.0', 'sec': 1.1}
[CV] linearsvc_C0.3: mean=0.5330 folds=[0.528, 0.5338, 0.5372] {'buckets': '0.0-0.2:39.5  0.2-0.3:39.3  0.3-0.4:38.2  0.4-0.5:47.4  0.5-0.6:57.5  0.6-0.7:67.2  0.7-0.8:76.0  0.8-1.0:85.9', 'sec': 1.0}
[CV] linearsvc_C1: mean=0.5690 folds=[0.5683, 0.571, 0.5676] {'buckets': '0.0-0.2:38.0  0.2-0.3:37.4  0.3-0.4:36.8  0.4-0.5:48.2  0.5-0.6:64.8  0.6-0.7:78.2  0.7-0.8:88.2  0.8-1.0:96.0', 'sec': 1.5}
[CV] linearsvc_C3: mean=0.5814 folds=[0.585, 0.5784, 0.5808] {'buckets': '0.0-0.2:36.6  0.2-0.3:36.4  0.3-0.4:35.4  0.4-0.5:48.8  0.5-0.6:68.0  0.6-0.7:83.0  0.7-0.8:93.8  0.8-1.0:98.2', 'sec': 2.5}
[CV] linearsvc_C10: mean=0.5819 folds=[0.5833, 0.5793, 0.5831] {'buckets': '0.0-0.2:36.5  0.2-0.3:35.7  0.3-0.4:35.2  0.4-0.5:48.0  0.5-0.6:68.7  0.6-0.7:83.7  0.7-0.8:95.2  0.8-1.0:98.9', 'sec': 4.9}
[CV] linearsvc_C30: mean=0.5802 folds=[0.5837, 0.5773, 0.5797] {'buckets': '0.0-0.2:36.4  0.2-0.3:35.3  0.3-0.4:35.0  0.4-0.5:47.8  0.5-0.6:68.8  0.6-0.7:83.5  0.7-0.8:95.5  0.8-1.0:98.9', 'sec': 8.9}
[CV] linearsvc_C100: mean=0.5777 folds=[0.5813, 0.574, 0.5779] {'buckets': '0.0-0.2:36.5  0.2-0.3:35.1  0.3-0.4:34.3  0.4-0.5:47.5  0.5-0.6:68.6  0.6-0.7:83.0  0.7-0.8:95.4  0.8-1.0:98.9', 'sec': 17.2}
[CV] linearsvc_cs_C1: mean=0.5578 folds=[0.5543, 0.5569, 0.5621] {'buckets': '0.0-0.2:37.2  0.2-0.3:36.5  0.3-0.4:36.3  0.4-0.5:49.1  0.5-0.6:63.7  0.6-0.7:76.7  0.7-0.8:85.9  0.8-1.0:92.6', 'sec': 25.5}
[CV] linearsvc_cs_C10: mean=0.5758 folds=[0.5824, 0.5702, 0.5749] {'buckets': '0.0-0.2:35.3  0.2-0.3:34.8  0.3-0.4:34.1  0.4-0.5:47.4  0.5-0.6:67.8  0.6-0.7:83.5  0.7-0.8:95.4  0.8-1.0:99.0', 'sec': 34.5}
[CV] linearsvc_cs_C100: mean=0.5755 folds=[0.5833, 0.5702, 0.5728] {'buckets': '0.0-0.2:36.4  0.2-0.3:34.9  0.3-0.4:34.0  0.4-0.5:47.1  0.5-0.6:68.1  0.6-0.7:83.0  0.7-0.8:95.4  0.8-1.0:98.9', 'sec': 61.8}
[CV] ridge_a1.0: mean=0.5492 folds=[0.5439, 0.5487, 0.555] {'buckets': '0.0-0.2:38.4  0.2-0.3:38.4  0.3-0.4:37.1  0.4-0.5:47.9  0.5-0.6:60.2  0.6-0.7:72.9  0.7-0.8:81.2  0.8-1.0:91.3', 'sec': 1.9}
[CV] ridge_a0.3: mean=0.5798 folds=[0.5811, 0.5779, 0.5805] {'buckets': '0.0-0.2:37.8  0.2-0.3:37.0  0.3-0.4:36.0  0.4-0.5:48.8  0.5-0.6:67.4  0.6-0.7:82.3  0.7-0.8:91.7  0.8-1.0:97.3', 'sec': 3.4}
[CV] ridge_a0.1: mean=0.5836 folds=[0.5842, 0.5825, 0.5842] {'buckets': '0.0-0.2:35.5  0.2-0.3:35.6  0.3-0.4:35.4  0.4-0.5:48.4  0.5-0.6:69.0  0.6-0.7:84.5  0.7-0.8:95.4  0.8-1.0:99.0', 'sec': 6.0}
[CV] ridge_a0.03: mean=0.5803 folds=[0.5818, 0.5773, 0.5818] {'buckets': '0.0-0.2:35.3  0.2-0.3:34.5  0.3-0.4:34.8  0.4-0.5:47.5  0.5-0.6:69.1  0.6-0.7:84.7  0.7-0.8:96.5  0.8-1.0:99.2', 'sec': 6.9}
[CV] ridge_a0.01: mean=0.5747 folds=[0.5779, 0.5708, 0.5754] {'buckets': '0.0-0.2:33.7  0.2-0.3:34.1  0.3-0.4:34.2  0.4-0.5:47.0  0.5-0.6:68.3  0.6-0.7:83.8  0.7-0.8:96.3  0.8-1.0:99.1', 'sec': 9.2}
[CV] pa_C1.0: mean=0.5765 folds=[0.5818, 0.5721, 0.5754] {'buckets': '0.0-0.2:36.0  0.2-0.3:35.6  0.3-0.4:34.5  0.4-0.5:48.0  0.5-0.6:67.3  0.6-0.7:82.4  0.7-0.8:94.7  0.8-1.0:98.7', 'sec': 4.6}
[CV] pa_C10.0: mean=0.5754 folds=[0.5798, 0.5702, 0.5762] {'buckets': '0.0-0.2:36.0  0.2-0.3:35.7  0.3-0.4:34.4  0.4-0.5:47.6  0.5-0.6:66.6  0.6-0.7:82.2  0.7-0.8:94.7  0.8-1.0:98.7', 'sec': 5.9}
[CV] sgd_mhuber_a1e-05: mean=0.5786 folds=[0.5805, 0.5775, 0.5777] {'buckets': '0.0-0.2:36.9  0.2-0.3:35.4  0.3-0.4:35.0  0.4-0.5:48.8  0.5-0.6:67.0  0.6-0.7:83.0  0.7-0.8:94.8  0.8-1.0:98.9', 'sec': 4.8}
[CV] sgd_mhuber_a1e-06: mean=0.5484 folds=[0.5534, 0.5427, 0.5491] {'buckets': '0.0-0.2:35.5  0.2-0.3:34.8  0.3-0.4:34.1  0.4-0.5:45.2  0.5-0.6:60.6  0.6-0.7:77.4  0.7-0.8:87.7  0.8-1.0:96.6', 'sec': 3.4}
[CV] sgd_mhuber_a1e-07: mean=0.5498 folds=[0.5523, 0.5427, 0.5543] {'buckets': '0.0-0.2:36.2  0.2-0.3:34.7  0.3-0.4:33.9  0.4-0.5:45.9  0.5-0.6:62.9  0.6-0.7:76.5  0.7-0.8:87.8  0.8-1.0:96.2', 'sec': 3.9}
[CV] cnb_a0.01: mean=0.5057 folds=[0.5001, 0.5104, 0.5067] {'buckets': '0.0-0.2:37.5  0.2-0.3:37.3  0.3-0.4:37.2  0.4-0.5:46.5  0.5-0.6:52.9  0.6-0.7:62.0  0.7-0.8:72.7  0.8-1.0:80.9', 'sec': 0.0}
[CV] cnb_a0.1: mean=0.4971 folds=[0.4884, 0.5007, 0.502] {'buckets': '0.0-0.2:38.1  0.2-0.3:38.3  0.3-0.4:38.1  0.4-0.5:45.4  0.5-0.6:51.1  0.6-0.7:59.0  0.7-0.8:69.5  0.8-1.0:77.5', 'sec': 0.0}
[CV] cnb_a0.3: mean=0.4803 folds=[0.4685, 0.4848, 0.4876] {'buckets': '0.0-0.2:39.2  0.2-0.3:39.4  0.3-0.4:38.8  0.4-0.5:44.7  0.5-0.6:48.1  0.6-0.7:54.5  0.7-0.8:63.5  0.8-1.0:71.3', 'sec': 0.0}
[CV] logreg_C10: mean=0.5565 folds=[0.5529, 0.5602, 0.5563] {'buckets': '0.0-0.2:37.2  0.2-0.3:37.9  0.3-0.4:36.7  0.4-0.5:48.5  0.5-0.6:61.5  0.6-0.7:74.1  0.7-0.8:84.4  0.8-1.0:94.3', 'sec': 25.5}
[CV] logreg_C100: mean=0.5712 folds=[0.5737, 0.5719, 0.568] {'buckets': '0.0-0.2:36.4  0.2-0.3:36.7  0.3-0.4:35.4  0.4-0.5:48.2  0.5-0.6:64.4  0.6-0.7:80.0  0.7-0.8:91.2  0.8-1.0:97.8', 'sec': 32.6}
[CV] logreg_C1000: mean=0.5634 folds=[0.5631, 0.56, 0.5671] {'buckets': '0.0-0.2:36.2  0.2-0.3:36.1  0.3-0.4:35.7  0.4-0.5:47.4  0.5-0.6:62.3  0.6-0.7:78.8  0.7-0.8:89.9  0.8-1.0:97.1', 'sec': 25.8}
