[CV] c2_1nn: mean=0.6937 folds=[0.6932, 0.6942] {'buckets': '0.0-0.2:32.2  0.2-0.3:29.5  0.3-0.4:41.0  0.4-0.5:71.6  0.5-0.6:93.7  0.6-0.7:98.6  0.7-0.8:99.6  0.8-1.0:99.8', 'sec': 8.5, 'n_feat': 0, 'cfg': {'name': '1nn', 'model': '1nn'}, 'cv': '6fold_seed1'}
  block order=2 stop=1 mt=None fold=0: (13455, 545921) nnz/row=525 3s
  block order=2 stop=1 mt=None fold=1: (13456, 540269) nnz/row=522 3s
[CV] c2_o2: mean=0.7004 folds=[0.7043, 0.6964] {'buckets': '0.0-0.2:41.5  0.2-0.3:37.4  0.3-0.4:40.6  0.4-0.5:65.9  0.5-0.6:88.8  0.6-0.7:97.1  0.7-0.8:99.1  0.8-1.0:99.8', 'sec': 98.1, 'n_feat': 540269, 'cfg': {'name': 'o2', 'w': {'2': 1}, 'model': 'ridge', 'reg': 0.03}, 'cv': '6fold_seed1'}
  block order=4 stop=1 mt=16 fold=0: (13455, 2109041) nnz/row=364 7s
  block order=4 stop=1 mt=16 fold=1: (13456, 2134641) nnz/row=367 7s
[CV] c2_o4_mt16: mean=0.6444 folds=[0.6438, 0.6451] {'buckets': '0.0-0.2:38.6  0.2-0.3:33.3  0.3-0.4:36.1  0.4-0.5:55.8  0.5-0.6:76.7  0.6-0.7:91.3  0.7-0.8:95.1  0.8-1.0:97.9', 'sec': 70.1, 'n_feat': 2134641, 'cfg': {'name': 'o4_mt16', 'w': {'4': 1}, 'mt': {'4': 16}, 'model': 'ridge', 'reg': 0.03}, 'cv': '6fold_seed1'}
  block order=4 stop=1 mt=20 fold=0: (13455, 5656032) nnz/row=1011 18s
  block order=4 stop=1 mt=20 fold=1: (13456, 5766930) nnz/row=1028 19s
[CV] c2_o4_mt20: mean=0.6747 folds=[0.6757, 0.6737] {'buckets': '0.0-0.2:40.4  0.2-0.3:35.6  0.3-0.4:37.1  0.4-0.5:60.1  0.5-0.6:84.1  0.6-0.7:94.5  0.7-0.8:98.3  0.8-1.0:99.1', 'sec': 198.1, 'n_feat': 5766930, 'cfg': {'name': 'o4_mt20', 'w': {'4': 1}, 'mt': {'4': 20}, 'model': 'ridge', 'reg': 0.03}, 'cv': '6fold_seed1'}
  block order=3 stop=1 mt=24 fold=0: (13455, 3350269) nnz/row=823 7s
  block order=3 stop=1 mt=24 fold=1: (13456, 3392244) nnz/row=832 6s
[CV] c2_o3_mt24: mean=0.7004 folds=[0.7043, 0.6964] {'buckets': '0.0-0.2:40.4  0.2-0.3:36.3  0.3-0.4:41.9  0.4-0.5:65.1  0.5-0.6:89.7  0.6-0.7:97.7  0.7-0.8:99.0  0.8-1.0:99.8', 'sec': 158.2, 'n_feat': 3392244, 'cfg': {'name': 'o3_mt24', 'w': {'3': 1}, 'mt': {'3': 24}, 'model': 'ridge', 'reg': 0.03}, 'cv': '6fold_seed1'}
  block order=1 stop=1 mt=None fold=0: (13455, 4209) nnz/row=31 0s
  block order=1 stop=1 mt=None fold=1: (13456, 4176) nnz/row=31 0s
[CV] c2_o1234: mean=0.7072 folds=[0.7132, 0.7012] {'buckets': '0.0-0.2:46.2  0.2-0.3:38.3  0.3-0.4:41.3  0.4-0.5:67.3  0.5-0.6:88.4  0.6-0.7:97.8  0.7-0.8:99.4  0.8-1.0:99.8', 'sec': 778.8, 'n_feat': 6071330, 'cfg': {'name': 'o1234', 'w': {'1': 0.5, '2': 1, '3': 1, '4': 1}, 'mt': {'3': 24, '4': 16}, 'model': 'ridge', 'reg': 0.03}, 'cv': '6fold_seed1'}
[CV] c2_o234: mean=0.7080 folds=[0.7147, 0.7012] {'buckets': '0.0-0.2:45.6  0.2-0.3:37.8  0.3-0.4:41.8  0.4-0.5:67.3  0.5-0.6:89.4  0.6-0.7:98.0  0.7-0.8:99.4  0.8-1.0:99.8', 'sec': 462.7, 'n_feat': 6067154, 'cfg': {'name': 'o234', 'w': {'2': 1, '3': 1, '4': 1}, 'mt': {'3': 24, '4': 16}, 'model': 'ridge', 'reg': 0.03}, 'cv': '6fold_seed1'}
  block order=5 stop=1 mt=14 fold=0: (13455, 1643127) nnz/row=264 5s
  block order=5 stop=1 mt=14 fold=1: (13456, 1661920) nnz/row=267 5s
[CV] c2_o5_mt14: mean=0.5395 folds=[0.5353, 0.5437] {'buckets': '0.0-0.2:37.4  0.2-0.3:30.2  0.3-0.4:32.3  0.4-0.5:44.4  0.5-0.6:58.1  0.6-0.7:73.8  0.7-0.8:78.6  0.8-1.0:86.1', 'sec': 30.9, 'n_feat': 1661920, 'cfg': {'name': 'o5_mt14', 'w': {'5': 1}, 'mt': {'5': 14}, 'model': 'ridge', 'reg': 0.03}, 'cv': '6fold_seed1'}
