base (10764, 42627) nnz/row=100
[CV] feat_base_1nn: mean=0.6286 folds=[0.6286] {'buckets': '0.0-0.2:29.1  0.2-0.3:28.9  0.3-0.4:36.9  0.4-0.5:69.2  0.5-0.6:91.7  0.6-0.7:97.6  0.7-0.8:100.0  0.8-1.0:100.0', 'sec': 3.8, 'note': 'fold0 only'}
[CV] feat_base_svcC3: mean=0.5850 folds=[0.585] {'buckets': '0.0-0.2:37.0  0.2-0.3:36.9  0.3-0.4:35.7  0.4-0.5:50.9  0.5-0.6:66.2  0.6-0.7:83.2  0.7-0.8:93.1  0.8-1.0:99.4', 'sec': 4.5, 'note': 'fold0 only'}
[CV] feat_base_krr_pow2: mean=0.6482 folds=[0.6482] {'buckets': '0.0-0.2:34.8  0.2-0.3:39.3  0.3-0.4:37.9  0.4-0.5:61.6  0.5-0.6:85.9  0.6-0.7:96.9  0.7-0.8:100.0  0.8-1.0:100.0', 'sec': 5.2, 'note': 'fold0 only'}
[CV] feat_base_krr_pow4: mean=0.6565 folds=[0.6565] {'buckets': '0.0-0.2:31.3  0.2-0.3:37.5  0.3-0.4:40.5  0.4-0.5:68.6  0.5-0.6:89.8  0.6-0.7:97.2  0.7-0.8:100.0  0.8-1.0:100.0', 'sec': 9.0, 'note': 'fold0 only'}
w13 (10764, 111470) nnz/row=144
[CV] feat_w13_1nn: mean=0.6225 folds=[0.6225] {'buckets': '0.0-0.2:29.1  0.2-0.3:27.4  0.3-0.4:36.1  0.4-0.5:68.6  0.5-0.6:91.7  0.6-0.7:97.6  0.7-0.8:100.0  0.8-1.0:100.0', 'sec': 4.8, 'note': 'fold0 only'}
[CV] feat_w13_svcC3: mean=0.5967 folds=[0.5967] {'buckets': '0.0-0.2:37.4  0.2-0.3:36.4  0.3-0.4:36.3  0.4-0.5:53.6  0.5-0.6:69.3  0.6-0.7:86.1  0.7-0.8:95.8  0.8-1.0:99.4', 'sec': 4.8, 'note': 'fold0 only'}
[CV] feat_w13_krr_pow2: mean=0.6366 folds=[0.6366] {'buckets': '0.0-0.2:33.0  0.2-0.3:38.3  0.3-0.4:37.5  0.4-0.5:58.4  0.5-0.6:82.4  0.6-0.7:96.3  0.7-0.8:100.0  0.8-1.0:100.0', 'sec': 4.7, 'note': 'fold0 only'}
[CV] feat_w13_krr_pow4: mean=0.6491 folds=[0.6491] {'buckets': '0.0-0.2:30.4  0.2-0.3:35.9  0.3-0.4:38.8  0.4-0.5:67.7  0.5-0.6:90.5  0.6-0.7:97.6  0.7-0.8:100.0  0.8-1.0:100.0', 'sec': 5.0, 'note': 'fold0 only'}
w14 (10764, 187619) nnz/row=179
[CV] feat_w14_1nn: mean=0.6108 folds=[0.6108] {'buckets': '0.0-0.2:23.5  0.2-0.3:25.1  0.3-0.4:34.8  0.4-0.5:68.1  0.5-0.6:91.3  0.6-0.7:97.6  0.7-0.8:100.0  0.8-1.0:100.0', 'sec': 6.8, 'note': 'fold0 only'}
[CV] feat_w14_svcC3: mean=0.5984 folds=[0.5984] {'buckets': '0.0-0.2:38.3  0.2-0.3:36.7  0.3-0.4:35.6  0.4-0.5:53.0  0.5-0.6:69.9  0.6-0.7:86.6  0.7-0.8:96.4  0.8-1.0:99.6', 'sec': 5.5, 'note': 'fold0 only'}
[CV] feat_w14_krr_pow2: mean=0.6264 folds=[0.6264] {'buckets': '0.0-0.2:32.2  0.2-0.3:37.3  0.3-0.4:37.6  0.4-0.5:55.1  0.5-0.6:79.5  0.6-0.7:95.2  0.7-0.8:100.0  0.8-1.0:100.0', 'sec': 5.8, 'note': 'fold0 only'}
[CV] feat_w14_krr_pow4: mean=0.6428 folds=[0.6428] {'buckets': '0.0-0.2:29.1  0.2-0.3:35.1  0.3-0.4:37.9  0.4-0.5:66.2  0.5-0.6:90.1  0.6-0.7:97.1  0.7-0.8:100.0  0.8-1.0:100.0', 'sec': 5.5, 'note': 'fold0 only'}
w15 (10764, 258198) nnz/row=205
[CV] feat_w15_1nn: mean=0.6026 folds=[0.6026] {'buckets': '0.0-0.2:23.0  0.2-0.3:24.4  0.3-0.4:32.8  0.4-0.5:66.2  0.5-0.6:90.7  0.6-0.7:97.4  0.7-0.8:99.8  0.8-1.0:100.0', 'sec': 7.0, 'note': 'fold0 only'}
[CV] feat_w15_svcC3: mean=0.5984 folds=[0.5984] {'buckets': '0.0-0.2:37.8  0.2-0.3:36.9  0.3-0.4:35.6  0.4-0.5:52.7  0.5-0.6:68.5  0.6-0.7:87.4  0.7-0.8:97.0  0.8-1.0:99.4', 'sec': 5.7, 'note': 'fold0 only'}
[CV] feat_w15_krr_pow2: mean=0.6197 folds=[0.6197] {'buckets': '0.0-0.2:31.7  0.2-0.3:37.1  0.3-0.4:37.2  0.4-0.5:54.2  0.5-0.6:76.8  0.6-0.7:93.8  0.7-0.8:99.8  0.8-1.0:100.0', 'sec': 5.0, 'note': 'fold0 only'}
[CV] feat_w15_krr_pow4: mean=0.6311 folds=[0.6311] {'buckets': '0.0-0.2:27.4  0.2-0.3:33.4  0.3-0.4:35.7  0.4-0.5:65.2  0.5-0.6:88.8  0.6-0.7:96.9  0.7-0.8:99.8  0.8-1.0:100.0', 'sec': 5.3, 'note': 'fold0 only'}
w11 (10764, 4171) nnz/row=47
[CV] feat_w11_1nn: mean=0.6279 folds=[0.6279] {'buckets': '0.0-0.2:27.0  0.2-0.3:29.8  0.3-0.4:35.5  0.4-0.5:69.4  0.5-0.6:91.5  0.6-0.7:97.4  0.7-0.8:100.0  0.8-1.0:100.0', 'sec': 2.3, 'note': 'fold0 only'}
[CV] feat_w11_svcC3: mean=0.4611 folds=[0.4611] {'buckets': '0.0-0.2:33.0  0.2-0.3:33.5  0.3-0.4:31.7  0.4-0.5:44.3  0.5-0.6:48.5  0.6-0.7:57.8  0.7-0.8:65.1  0.8-1.0:77.0', 'sec': 2.8, 'note': 'fold0 only'}
[CV] feat_w11_krr_pow2: mean=0.6467 folds=[0.6467] {'buckets': '0.0-0.2:37.8  0.2-0.3:37.5  0.3-0.4:38.3  0.4-0.5:62.5  0.5-0.6:87.5  0.6-0.7:96.3  0.7-0.8:100.0  0.8-1.0:100.0', 'sec': 7.9, 'note': 'fold0 only'}
[CV] feat_w11_krr_pow4: mean=0.6543 folds=[0.6543] {'buckets': '0.0-0.2:33.9  0.2-0.3:39.7  0.3-0.4:39.1  0.4-0.5:64.1  0.5-0.6:87.6  0.6-0.7:96.6  0.7-0.8:100.0  0.8-1.0:100.0', 'sec': 7.6, 'note': 'fold0 only'}
w12_nosub (10764, 42627) nnz/row=100
[CV] feat_w12_nosub_1nn: mean=0.6255 folds=[0.6255] {'buckets': '0.0-0.2:29.1  0.2-0.3:27.4  0.3-0.4:37.6  0.4-0.5:69.4  0.5-0.6:91.5  0.6-0.7:97.6  0.7-0.8:100.0  0.8-1.0:100.0', 'sec': 3.1, 'note': 'fold0 only'}
[CV] feat_w12_nosub_svcC3: mean=0.5803 folds=[0.5803] {'buckets': '0.0-0.2:35.6  0.2-0.3:36.3  0.3-0.4:34.8  0.4-0.5:50.2  0.5-0.6:66.2  0.6-0.7:83.2  0.7-0.8:93.1  0.8-1.0:99.4', 'sec': 3.8, 'note': 'fold0 only'}
[CV] feat_w12_nosub_krr_pow2: mean=0.6508 folds=[0.6508] {'buckets': '0.0-0.2:36.1  0.2-0.3:39.9  0.3-0.4:38.3  0.4-0.5:62.4  0.5-0.6:85.1  0.6-0.7:96.8  0.7-0.8:100.0  0.8-1.0:100.0', 'sec': 6.8, 'note': 'fold0 only'}
[CV] feat_w12_nosub_krr_pow4: mean=0.6535 folds=[0.6535] {'buckets': '0.0-0.2:30.4  0.2-0.3:37.5  0.3-0.4:40.4  0.4-0.5:66.5  0.5-0.6:89.4  0.6-0.7:97.2  0.7-0.8:100.0  0.8-1.0:100.0', 'sec': 4.8, 'note': 'fold0 only'}
w12_stop (10764, 41670) nnz/row=59
[CV] feat_w12_stop_1nn: mean=0.6195 folds=[0.6195] {'buckets': '0.0-0.2:28.7  0.2-0.3:27.3  0.3-0.4:35.1  0.4-0.5:68.6  0.5-0.6:90.7  0.6-0.7:97.4  0.7-0.8:100.0  0.8-1.0:100.0', 'sec': 1.9, 'note': 'fold0 only'}
[CV] feat_w12_stop_svcC3: mean=0.5766 folds=[0.5766] {'buckets': '0.0-0.2:37.4  0.2-0.3:33.7  0.3-0.4:34.4  0.4-0.5:52.7  0.5-0.6:66.0  0.6-0.7:84.0  0.7-0.8:94.0  0.8-1.0:98.3', 'sec': 1.4, 'note': 'fold0 only'}
[CV] feat_w12_stop_krr_pow2: mean=0.6482 folds=[0.6482] {'buckets': '0.0-0.2:35.6  0.2-0.3:37.7  0.3-0.4:39.6  0.4-0.5:65.2  0.5-0.6:84.4  0.6-0.7:96.4  0.7-0.8:100.0  0.8-1.0:100.0', 'sec': 4.8, 'note': 'fold0 only'}
[CV] feat_w12_stop_krr_pow4: mean=0.6613 folds=[0.6613] {'buckets': '0.0-0.2:33.5  0.2-0.3:37.7  0.3-0.4:41.4  0.4-0.5:69.4  0.5-0.6:90.5  0.6-0.7:97.6  0.7-0.8:100.0  0.8-1.0:100.0', 'sec': 4.1, 'note': 'fold0 only'}
c35 (10764, 30102) nnz/row=666
[CV] feat_c35_1nn: mean=0.6337 folds=[0.6337] {'buckets': '0.0-0.2:28.7  0.2-0.3:30.4  0.3-0.4:37.8  0.4-0.5:69.0  0.5-0.6:91.7  0.6-0.7:97.2  0.7-0.8:100.0  0.8-1.0:100.0', 'sec': 14.8, 'note': 'fold0 only'}
[CV] feat_c35_svcC3: mean=0.4778 folds=[0.4778] {'buckets': '0.0-0.2:37.8  0.2-0.3:33.0  0.3-0.4:31.7  0.4-0.5:44.3  0.5-0.6:51.3  0.6-0.7:63.4  0.7-0.8:69.5  0.8-1.0:78.8', 'sec': 6.8, 'note': 'fold0 only'}
[CV] feat_c35_krr_pow2: mean=0.6448 folds=[0.6448] {'buckets': '0.0-0.2:38.7  0.2-0.3:36.7  0.3-0.4:38.4  0.4-0.5:62.9  0.5-0.6:86.5  0.6-0.7:96.6  0.7-0.8:100.0  0.8-1.0:100.0', 'sec': 4.0, 'note': 'fold0 only'}
[CV] feat_c35_krr_pow4: mean=0.6580 folds=[0.658] {'buckets': '0.0-0.2:35.6  0.2-0.3:39.9  0.3-0.4:39.6  0.4-0.5:65.4  0.5-0.6:88.2  0.6-0.7:96.4  0.7-0.8:100.0  0.8-1.0:100.0', 'sec': 4.0, 'note': 'fold0 only'}
c36 (10764, 153137) nnz/row=1363
[CV] feat_c36_1nn: mean=0.6312 folds=[0.6312] {'buckets': '0.0-0.2:29.1  0.2-0.3:29.7  0.3-0.4:36.7  0.4-0.5:70.3  0.5-0.6:91.5  0.6-0.7:97.4  0.7-0.8:100.0  0.8-1.0:100.0', 'sec': 34.2, 'note': 'fold0 only'}
[CV] feat_c36_svcC3: mean=0.5525 folds=[0.5525] {'buckets': '0.0-0.2:34.8  0.2-0.3:35.7  0.3-0.4:33.0  0.4-0.5:48.9  0.5-0.6:61.0  0.6-0.7:76.2  0.7-0.8:88.7  0.8-1.0:95.6', 'sec': 21.0, 'note': 'fold0 only'}
[CV] feat_c36_krr_pow2: mean=0.6517 folds=[0.6517] {'buckets': '0.0-0.2:37.4  0.2-0.3:39.4  0.3-0.4:38.0  0.4-0.5:62.2  0.5-0.6:87.3  0.6-0.7:97.1  0.7-0.8:100.0  0.8-1.0:100.0', 'sec': 4.6, 'note': 'fold0 only'}
[CV] feat_c36_krr_pow4: mean=0.6526 folds=[0.6526] {'buckets': '0.0-0.2:32.6  0.2-0.3:38.8  0.3-0.4:40.4  0.4-0.5:63.9  0.5-0.6:86.7  0.6-0.7:96.9  0.7-0.8:100.0  0.8-1.0:100.0', 'sec': 5.8, 'note': 'fold0 only'}
w12+c35 (10764, 72729) nnz/row=766
[CV] feat_w12+c35_1nn: mean=0.6348 folds=[0.6348] {'buckets': '0.0-0.2:28.7  0.2-0.3:30.6  0.3-0.4:37.4  0.4-0.5:70.0  0.5-0.6:91.9  0.6-0.7:97.6  0.7-0.8:100.0  0.8-1.0:100.0', 'sec': 27.7, 'note': 'fold0 only'}
[CV] feat_w12+c35_svcC3: mean=0.5740 folds=[0.574] {'buckets': '0.0-0.2:38.7  0.2-0.3:35.6  0.3-0.4:35.1  0.4-0.5:51.5  0.5-0.6:64.3  0.6-0.7:80.1  0.7-0.8:92.0  0.8-1.0:98.3', 'sec': 12.1, 'note': 'fold0 only'}
[CV] feat_w12+c35_krr_pow2: mean=0.6560 folds=[0.656] {'buckets': '0.0-0.2:37.8  0.2-0.3:39.4  0.3-0.4:38.6  0.4-0.5:64.1  0.5-0.6:88.2  0.6-0.7:97.4  0.7-0.8:100.0  0.8-1.0:100.0', 'sec': 5.0, 'note': 'fold0 only'}
[CV] feat_w12+c35_krr_pow4: mean=0.6554 folds=[0.6554] {'buckets': '0.0-0.2:33.0  0.2-0.3:39.1  0.3-0.4:40.8  0.4-0.5:64.8  0.5-0.6:86.7  0.6-0.7:97.1  0.7-0.8:100.0  0.8-1.0:100.0', 'sec': 5.0, 'note': 'fold0 only'}
