mode none extra rows 0
  cross-fit fold 0: pool 12917 (extra kept 0/0), 94s
  cross-fit fold 1: pool 12917 (extra kept 0/0), 179s
  cross-fit fold 2: pool 12918 (extra kept 0/0), 266s
  cross-fit fold 3: pool 12918 (extra kept 0/0), 353s
  cross-fit fold 4: pool 12918 (extra kept 0/0), 441s
{
 "mode": "none",
 "n_extra": 0,
 "acc": 0.7247785966433393,
 "low": 0.42983730389308544,
 "high": 0.9439706358631113,
 "logloss": 0.7757702926659042,
 "minutes": 7.702744567394257,
 "buckets": [
  {
   "lo": 0,
   "hi": 0.2,
   "share": 0.036167709171982414,
   "acc": 0.3972602739726027
  },
  {
   "lo": 0.2,
   "hi": 0.3,
   "share": 0.23341797237877004,
   "acc": 0.4131069249137702
  },
  {
   "lo": 0.3,
   "hi": 0.4,
   "share": 0.15674738341487582,
   "acc": 0.46226787830896876
  },
  {
   "lo": 0.4,
   "hi": 0.5,
   "share": 0.09320616832848207,
   "acc": 0.7514950166112957
  },
  {
   "lo": 0.5,
   "hi": 0.6,
   "share": 0.11215705703845916,
   "acc": 0.9414688017669796
  },
  {
   "lo": 0.6,
   "hi": 0.7,
   "share": 0.1338948411469623,
   "acc": 0.9842738205365402
  },
  {
   "lo": 0.7,
   "hi": 0.8,
   "share": 0.13240849693441506,
   "acc": 0.9985968194574368
  },
  {
   "lo": 0.8,
   "hi": 1.01,
   "share": 0.10200037158605314,
   "acc": 0.9987856709168185
  }
 ]
}
