0 w12 2
0 w11 4
0 w13 7
0 w12_nosub 10
0 w12_df1 13
0 w12_stop 15
1 w12 18
1 w11 20
1 w13 24
1 w12_nosub 27
1 w12_df1 29
1 w12_stop 31
2 w12 34
2 w11 36
2 w13 40
2 w12_nosub 42
2 w12_df1 46
2 w12_stop 48
3 w12 50
3 w11 52
3 w13 56
3 w12_nosub 58
3 w12_df1 61
3 w12_stop 63
4 w12 66
4 w11 67
4 w13 72
4 w12_nosub 74
4 w12_df1 77
4 w12_stop 79
w12 1nn 0.6806 best [('w12|k20|p4', 0.699), ('w12|k10|p4', 0.6972), ('w12|k20|p8', 0.6923), ('w12|k10|p8', 0.6905)]
w11 1nn 0.6825 best [('w11|k20|p8', 0.695), ('w11|k10|p8', 0.6921), ('w11|k5|p8', 0.6887), ('w11|k20|p16', 0.6879)]
w13 1nn 0.6749 best [('w13|k20|p4', 0.6907), ('w13|k10|p4', 0.6874), ('w13|k20|p8', 0.6827), ('w13|k10|p8', 0.6814)]
w12_nosub 1nn 0.6824 best [('w12_nosub|k20|p4', 0.6995), ('w12_nosub|k10|p4', 0.6954), ('w12_nosub|k20|p8', 0.6952), ('w12_nosub|k10|p8', 0.6919)]
w12_df1 1nn 0.6778 best [('w12_df1|k20|p4', 0.6963), ('w12_df1|k10|p4', 0.6925), ('w12_df1|k20|p8', 0.6905), ('w12_df1|k10|p8', 0.6874)]
w12_stop 1nn 0.678 best [('w12_stop|k20|p4', 0.6962), ('w12_stop|k10|p4', 0.6893), ('w12_stop|k20|p8', 0.6866), ('w12_stop|k10|p8', 0.686)]
