p_mlp                                        acc 0.6071 low 0.3671 high 0.7855 ll 1.3924
hybrid 1nn(w12)>=0.3 else p_mlp              acc 0.7006 low 0.3806 high 0.9385 ll 2.4047
hybrid 1nn(w12)>=0.4 else p_mlp              acc 0.6949 low 0.3671 high 0.9385 ll 1.4736
p_lr1                                        acc 0.4873 low 0.3892 high 0.5602 ll 1.4850
hybrid 1nn(w12)>=0.3 else p_lr1              acc 0.7081 low 0.3980 high 0.9385 ll 2.2244
hybrid 1nn(w12)>=0.4 else p_lr1              acc 0.7043 low 0.3892 high 0.9385 ll 1.1978
p_lr10                                       acc 0.5833 low 0.3819 high 0.7329 ll 1.2620
hybrid 1nn(w12)>=0.3 else p_lr10             acc 0.7051 low 0.3912 high 0.9385 ll 2.2590
hybrid 1nn(w12)>=0.4 else p_lr10             acc 0.7012 low 0.3819 high 0.9385 ll 1.2510
p_cnb                                        acc 0.4962 low 0.3877 high 0.5768 ll 1.8359
hybrid 1nn(w12)>=0.3 else p_cnb              acc 0.7076 low 0.3969 high 0.9385 ll 2.3105
hybrid 1nn(w12)>=0.4 else p_cnb              acc 0.7037 low 0.3877 high 0.9385 ll 1.3339
1nn w12                                      acc 0.6807 low 0.3338 high 0.9385 ll 4.4115
STACK flat lgb {'num_leaves': 7, 'learning_rate': 0.05, 'n_estimators': 300} acc 0.7133 low 0.4117 high 0.9375 ll 0.8058
   time 46
STACK flat lgb {'num_leaves': 15, 'learning_rate': 0.03, 'n_estimators': 400} acc 0.7144 low 0.4134 high 0.9380 ll 0.8161
   time 149
STACK pair lgb {'num_leaves': 15, 'learning_rate': 0.05, 'n_estimators': 300} acc 0.7253 low 0.4313 high 0.9439 ll 0.7758
   time 20
STACK pair lgb {'num_leaves': 31, 'learning_rate': 0.03, 'n_estimators': 500} acc 0.7243 low 0.4291 high 0.9436 ll 0.7760
   time 50
