mode en extra rows 4153
  cross-fit fold 0: pool 17070 (extra kept 4153/4153), 121s
  cross-fit fold 1: pool 17070 (extra kept 4153/4153), 247s
  cross-fit fold 2: pool 17071 (extra kept 4153/4153), 386s
  cross-fit fold 3: pool 17071 (extra kept 4153/4153), 508s
  cross-fit fold 4: pool 17071 (extra kept 4153/4153), 635s
{
 "mode": "en",
 "n_extra": 4153,
 "acc": 0.7706075431968786,
 "low": 0.531377106333527,
 "high": 0.9483968476735399,
 "logloss": 0.6589219732815729,
 "minutes": 10.988868963718414,
 "buckets": [
  {
   "lo": 0,
   "hi": 0.2,
   "share": 0.036167709171982414,
   "acc": 0.5034246575342466
  },
  {
   "lo": 0.2,
   "hi": 0.3,
   "share": 0.23341797237877004,
   "acc": 0.5157866808171929
  },
  {
   "lo": 0.3,
   "hi": 0.4,
   "share": 0.15674738341487582,
   "acc": 0.5610430659818254
  },
  {
   "lo": 0.4,
   "hi": 0.5,
   "share": 0.09320616832848207,
   "acc": 0.7740863787375415
  },
  {
   "lo": 0.5,
   "hi": 0.6,
   "share": 0.11215705703845916,
   "acc": 0.9447818884594147
  },
  {
   "lo": 0.6,
   "hi": 0.7,
   "share": 0.1338948411469623,
   "acc": 0.984736355226642
  },
  {
   "lo": 0.7,
   "hi": 0.8,
   "share": 0.13240849693441506,
   "acc": 0.9985968194574368
  },
  {
   "lo": 0.8,
   "hi": 1.01,
   "share": 0.10200037158605314,
   "acc": 0.9987856709168185
  }
 ]
}
