mode en+de extra rows 16532
  cross-fit fold 0: pool 29449 (extra kept 16532/16532), 116s
  cross-fit fold 1: pool 29449 (extra kept 16532/16532), 223s
  cross-fit fold 2: pool 29450 (extra kept 16532/16532), 362s
  cross-fit fold 3: pool 29450 (extra kept 16532/16532), 503s
  cross-fit fold 4: pool 29450 (extra kept 16532/16532), 690s
{
 "mode": "en+de",
 "n_extra": 16532,
 "acc": 0.8752709481637456,
 "low": 0.7581348053457292,
 "high": 0.9623232214185469,
 "logloss": 0.3820651145211141,
 "minutes": 11.820136364301046,
 "buckets": [
  {
   "lo": 0,
   "hi": 0.2,
   "share": 0.036167709171982414,
   "acc": 0.738013698630137
  },
  {
   "lo": 0.2,
   "hi": 0.3,
   "share": 0.23341797237877004,
   "acc": 0.7673122844255771
  },
  {
   "lo": 0.3,
   "hi": 0.4,
   "share": 0.15674738341487582,
   "acc": 0.7491110233109443
  },
  {
   "lo": 0.4,
   "hi": 0.5,
   "share": 0.09320616832848207,
   "acc": 0.8478405315614618
  },
  {
   "lo": 0.5,
   "hi": 0.6,
   "share": 0.11215705703845916,
   "acc": 0.9519602429596907
  },
  {
   "lo": 0.6,
   "hi": 0.7,
   "share": 0.1338948411469623,
   "acc": 0.986586493987049
  },
  {
   "lo": 0.7,
   "hi": 0.8,
   "share": 0.13240849693441506,
   "acc": 0.9985968194574368
  },
  {
   "lo": 0.8,
   "hi": 1.01,
   "share": 0.10200037158605314,
   "acc": 0.9993928354584092
  }
 ]
}
