0 44
1 92
2 137
3 172
4 205
w12|k1|p1                        0.6806
w12|k10|p4                       0.6972
w12|k20|p4                       0.6990
w12|k20|p8                       0.6923
lsa400|k1|p1                     0.6655
lsa400|k10|p4                    0.6397
lsa400|k20|p4                    0.6207
lsa400|k20|p8                    0.6789
body|k1|p1                       0.6682
body|k10|p4                      0.6817
body|k20|p4                      0.6837
body|k20|p8                      0.6798
subj|k1|p1                       0.4045
subj|k10|p4                      0.4218
subj|k20|p4                      0.4277
subj|k20|p8                      0.4203
w12+c25|k1|p1                    0.6877
w12+c25|k10|p4                   0.6967
w12+c25|k20|p4                   0.6965
w12+c25|k20|p8                   0.7046
w12+c25+bm25|k1|p1               0.6879
w12+c25+bm25|k10|p4              0.6980
w12+c25+bm25|k20|p4              0.6945
w12+c25+bm25|k20|p8              0.7040
w12+lsa|k1|p1                    0.6761
w12+lsa|k10|p4                   0.6856
w12+lsa|k20|p4                   0.6828
w12+lsa|k20|p8                   0.6948
w12+c25+lsa|k1|p1                0.6855
w12+c25+lsa|k10|p4               0.6894
w12+c25+lsa|k20|p4               0.6850
w12+c25+lsa|k20|p8               0.7021
w12+body|k1|p1                   0.6779
w12+body|k10|p4                  0.6914
w12+body|k20|p4                  0.6951
w12+body|k20|p8                  0.6887
w12+.3subj|k1|p1                 0.6769
w12+.3subj|k10|p4                0.6895
w12+.3subj|k20|p4                0.6925
w12+.3subj|k20|p8                0.6866
max(w12,body)|k1|p1              0.6751
max(w12,body)|k10|p4             0.6908
max(w12,body)|k20|p4             0.6941
max(w12,body)|k20|p8             0.6879
