{"fold": 0, "variant": "final", "gate_all": 0.7226006191950465, "gate_unf": 0.4279507603186097, "gate_f1": 0.7377189403897055, "simple_all": 0.704953560371517, "simple_unf": 0.3953656770456191, "nn_all": 0.676780185758514, "spec_unf": 0.3953656770456191, "min": 1.984179667631785}
0.0-0.2: n=  101 share=  3.1% acc= 45.5%
0.2-0.3: n=  804 share= 24.9% acc= 40.2%
0.3-0.4: n=  476 share= 14.7% acc= 46.6%
0.4-0.5: n=  320 share=  9.9% acc= 75.0%
0.5-0.6: n=  351 share= 10.9% acc= 95.4%
0.6-0.7: n=  414 share= 12.8% acc= 97.8%
0.7-0.8: n=  413 share= 12.8% acc= 99.8%
0.8-1.0: n=  351 share= 10.9% acc=100.0%
{"fold": 1, "variant": "final", "gate_all": 0.7275541795665634, "gate_unf": 0.4255796559461481, "gate_f1": 0.7310200627731327, "simple_all": 0.7021671826625387, "simple_unf": 0.37621540762902017, "nn_all": 0.6931888544891641, "spec_unf": 0.37621540762902017, "min": 2.196608130137126}
0.0-0.2: n=  125 share=  3.9% acc= 41.6%
0.2-0.3: n=  722 share= 22.4% acc= 38.4%
0.3-0.4: n=  490 share= 15.2% acc= 49.0%
0.4-0.5: n=  325 share= 10.1% acc= 75.7%
0.5-0.6: n=  391 share= 12.1% acc= 93.9%
0.6-0.7: n=  439 share= 13.6% acc= 98.4%
0.7-0.8: n=  413 share= 12.8% acc= 99.5%
0.8-1.0: n=  325 share= 10.1% acc=100.0%
{"fold": 2, "variant": "final", "gate_all": 0.7333539795602354, "gate_unf": 0.44653179190751446, "gate_f1": 0.7511817508970624, "simple_all": 0.7187983895943016, "simple_unf": 0.4154624277456647, "nn_all": 0.6803964075565191, "spec_unf": 0.4154624277456647, "min": 1.958010228474935}
0.0-0.2: n=  119 share=  3.7% acc= 46.2%
0.2-0.3: n=  740 share= 22.9% acc= 41.8%
0.3-0.4: n=  525 share= 16.3% acc= 48.4%
0.4-0.5: n=  297 share=  9.2% acc= 78.1%
0.5-0.6: n=  349 share= 10.8% acc= 94.3%
0.6-0.7: n=  441 share= 13.7% acc= 98.4%
0.7-0.8: n=  445 share= 13.8% acc= 99.6%
0.8-1.0: n=  313 share=  9.7% acc= 99.7%
{"fold": 3, "variant": "final", "gate_all": 0.7311861257355219, "gate_unf": 0.45303468208092484, "gate_f1": 0.7285059413182821, "simple_all": 0.7101269742954475, "simple_unf": 0.4190751445086705, "nn_all": 0.6714152988541344, "spec_unf": 0.4190751445086705, "min": 2.2044971783955893}
0.0-0.2: n=  123 share=  3.8% acc= 43.1%
0.2-0.3: n=  760 share= 23.5% acc= 42.1%
0.3-0.4: n=  501 share= 15.5% acc= 50.7%
0.4-0.5: n=  291 share=  9.0% acc= 73.9%
0.5-0.6: n=  362 share= 11.2% acc= 92.3%
0.6-0.7: n=  428 share= 13.3% acc= 98.4%
0.7-0.8: n=  418 share= 12.9% acc=100.0%
0.8-1.0: n=  346 share= 10.7% acc=100.0%
{"fold": 4, "variant": "final", "gate_all": 0.7345927531743573, "gate_unf": 0.4449213161659514, "gate_f1": 0.7401100423167957, "simple_all": 0.711056054506039, "simple_unf": 0.39914163090128757, "nn_all": 0.6813254877671105, "spec_unf": 0.39914163090128757, "min": 1.5413427313168844}
0.0-0.2: n=  116 share=  3.6% acc= 37.1%
0.2-0.3: n=  743 share= 23.0% acc= 43.5%
0.3-0.4: n=  539 share= 16.7% acc= 47.5%
0.4-0.5: n=  272 share=  8.4% acc= 77.6%
0.5-0.6: n=  358 share= 11.1% acc= 95.5%
0.6-0.7: n=  440 share= 13.6% acc= 99.3%
0.7-0.8: n=  449 share= 13.9% acc= 99.8%
0.8-1.0: n=  312 share=  9.7% acc=100.0%
